
> iron-loot-api@0.1.0 test
> jest test/unit/auctions/auctions.service.spec.ts

node.exe : FAIL test/unit/auctions/auctions.service.spec.ts
En línea: 1 Carácter: 1
+ & "C:\Program Files\nodejs/node.exe" "C:\Program Files\nodejs/node_mo ...
+ ~~~~~~~~~~~~~~~~~~~~~~~~~~~~~~~~~~~~~~~~~~~~~~~~~~~~~~~~~~~~~~~~~~~~~
    + CategoryInfo          : NotSpecified: (FAIL test/unit/...service.spec.ts:Stri 
   ng) [], RemoteException
    + FullyQualifiedErrorId : NativeCommandError
 
  AuctionsService
    create
      ├ù should create an auction if user is a seller (9 ms)
      ├ù should throw ForbiddenException if user is not a seller (2 ms)
    findAll
      ├ù should return list of auctions (2 ms)
    findOne
      ├ù should return auction details (1 ms)
      ├ù should throw NotFoundException if auction not found (1 ms)
    update
      ├ù should update auction if owner and in DRAFT state (1 ms)
      ├ù should throw ForbiddenException if not owner (1 ms)
      ├ù should throw ValidationException if not in DRAFT state

  ÔùÅ AuctionsService ÔÇ║ create ÔÇ║ should create an auction if user is a seller

    Nest can't resolve dependencies of the AuctionsService (PrismaService, 
StructuredLogger, ?). Please make sure that the argument RequestContextService at 
index [2] is available in the RootTestModule context.

    Potential solutions:
    - Is RootTestModule a valid NestJS module?
    - If RequestContextService is a provider, is it part of the current 
RootTestModule?
    - If RequestContextService is exported from a separate @Module, is that module 
imported within RootTestModule?
      @Module({
        imports: [ /* the Module containing RequestContextService */ ]
      })

    [0m [90m 64 |[39m     jest[33m.[39mclearAllMocks()[33m;[39m
     [90m 65 |[39m
    [31m[1m>[22m[39m[90m 66 |[39m     [36mconst[39m module[33m:[39m 
[33mTestingModule[39m [33m=[39m [36mawait[39m 
[33mTest[39m[33m.[39mcreateTestingModule({
     [90m    |[39m                                   [31m[1m^[22m[39m
     [90m 67 |[39m       providers[33m:[39m [
     [90m 68 |[39m         [33mAuctionsService[39m[33m,[39m
     [90m 69 |[39m         {[0m

      at TestingInjector.lookupComponentInParentModules 
(node_modules/@nestjs/core/injector/injector.js:262:19)
      at TestingInjector.resolveComponentInstance 
(node_modules/@nestjs/core/injector/injector.js:215:33)
      at TestingInjector.resolveComponentInstance 
(node_modules/@nestjs/testing/testing-injector.js:19:45)
      at resolveParam (node_modules/@nestjs/core/injector/injector.js:129:38)
          at async Promise.all (index 2)
      at TestingInjector.resolveConstructorParams 
(node_modules/@nestjs/core/injector/injector.js:144:27)
      at TestingInjector.loadInstance 
(node_modules/@nestjs/core/injector/injector.js:70:13)
      at TestingInjector.loadProvider 
(node_modules/@nestjs/core/injector/injector.js:98:9)
      at node_modules/@nestjs/core/injector/instance-loader.js:56:13
          at async Promise.all (index 3)
      at TestingInstanceLoader.createInstancesOfProviders 
(node_modules/@nestjs/core/injector/instance-loader.js:55:9)
      at node_modules/@nestjs/core/injector/instance-loader.js:40:13
          at async Promise.all (index 1)
      at TestingInstanceLoader.createInstances 
(node_modules/@nestjs/core/injector/instance-loader.js:39:9)
      at TestingInstanceLoader.createInstancesOfDependencies 
(node_modules/@nestjs/core/injector/instance-loader.js:22:13)
      at TestingInstanceLoader.createInstancesOfDependencies 
(node_modules/@nestjs/testing/testing-instance-loader.js:9:9)
      at TestingModuleBuilder.createInstancesOfDependencies 
(node_modules/@nestjs/testing/testing-module.builder.js:118:9)
      at TestingModuleBuilder.compile 
(node_modules/@nestjs/testing/testing-module.builder.js:74:9)
      at Object.<anonymous> (test/unit/auctions/auctions.service.spec.ts:66:35)

  ÔùÅ AuctionsService ÔÇ║ create ÔÇ║ should throw ForbiddenException if user is not 
a seller

    Nest can't resolve dependencies of the AuctionsService (PrismaService, 
StructuredLogger, ?). Please make sure that the argument RequestContextService at 
index [2] is available in the RootTestModule context.

    Potential solutions:
    - Is RootTestModule a valid NestJS module?
    - If RequestContextService is a provider, is it part of the current 
RootTestModule?
    - If RequestContextService is exported from a separate @Module, is that module 
imported within RootTestModule?
      @Module({
        imports: [ /* the Module containing RequestContextService */ ]
      })

    [0m [90m 64 |[39m     jest[33m.[39mclearAllMocks()[33m;[39m
     [90m 65 |[39m
    [31m[1m>[22m[39m[90m 66 |[39m     [36mconst[39m module[33m:[39m 
[33mTestingModule[39m [33m=[39m [36mawait[39m 
[33mTest[39m[33m.[39mcreateTestingModule({
     [90m    |[39m                                   [31m[1m^[22m[39m
     [90m 67 |[39m       providers[33m:[39m [
     [90m 68 |[39m         [33mAuctionsService[39m[33m,[39m
     [90m 69 |[39m         {[0m

      at TestingInjector.lookupComponentInParentModules 
(node_modules/@nestjs/core/injector/injector.js:262:19)
      at TestingInjector.resolveComponentInstance 
(node_modules/@nestjs/core/injector/injector.js:215:33)
      at TestingInjector.resolveComponentInstance 
(node_modules/@nestjs/testing/testing-injector.js:19:45)
      at resolveParam (node_modules/@nestjs/core/injector/injector.js:129:38)
          at async Promise.all (index 2)
      at TestingInjector.resolveConstructorParams 
(node_modules/@nestjs/core/injector/injector.js:144:27)
      at TestingInjector.loadInstance 
(node_modules/@nestjs/core/injector/injector.js:70:13)
      at TestingInjector.loadProvider 
(node_modules/@nestjs/core/injector/injector.js:98:9)
      at node_modules/@nestjs/core/injector/instance-loader.js:56:13
          at async Promise.all (index 3)
      at TestingInstanceLoader.createInstancesOfProviders 
(node_modules/@nestjs/core/injector/instance-loader.js:55:9)
      at node_modules/@nestjs/core/injector/instance-loader.js:40:13
          at async Promise.all (index 1)
      at TestingInstanceLoader.createInstances 
(node_modules/@nestjs/core/injector/instance-loader.js:39:9)
      at TestingInstanceLoader.createInstancesOfDependencies 
(node_modules/@nestjs/core/injector/instance-loader.js:22:13)
      at TestingInstanceLoader.createInstancesOfDependencies 
(node_modules/@nestjs/testing/testing-instance-loader.js:9:9)
      at TestingModuleBuilder.createInstancesOfDependencies 
(node_modules/@nestjs/testing/testing-module.builder.js:118:9)
      at TestingModuleBuilder.compile 
(node_modules/@nestjs/testing/testing-module.builder.js:74:9)
      at Object.<anonymous> (test/unit/auctions/auctions.service.spec.ts:66:35)

  ÔùÅ AuctionsService ÔÇ║ findAll ÔÇ║ should return list of auctions

    Nest can't resolve dependencies of the AuctionsService (PrismaService, 
StructuredLogger, ?). Please make sure that the argument RequestContextService at 
index [2] is available in the RootTestModule context.

    Potential solutions:
    - Is RootTestModule a valid NestJS module?
    - If RequestContextService is a provider, is it part of the current 
RootTestModule?
    - If RequestContextService is exported from a separate @Module, is that module 
imported within RootTestModule?
      @Module({
        imports: [ /* the Module containing RequestContextService */ ]
      })

    [0m [90m 64 |[39m     jest[33m.[39mclearAllMocks()[33m;[39m
     [90m 65 |[39m
    [31m[1m>[22m[39m[90m 66 |[39m     [36mconst[39m module[33m:[39m 
[33mTestingModule[39m [33m=[39m [36mawait[39m 
[33mTest[39m[33m.[39mcreateTestingModule({
     [90m    |[39m                                   [31m[1m^[22m[39m
     [90m 67 |[39m       providers[33m:[39m [
     [90m 68 |[39m         [33mAuctionsService[39m[33m,[39m
     [90m 69 |[39m         {[0m

      at TestingInjector.lookupComponentInParentModules 
(node_modules/@nestjs/core/injector/injector.js:262:19)
      at TestingInjector.resolveComponentInstance 
(node_modules/@nestjs/core/injector/injector.js:215:33)
      at TestingInjector.resolveComponentInstance 
(node_modules/@nestjs/testing/testing-injector.js:19:45)
      at resolveParam (node_modules/@nestjs/core/injector/injector.js:129:38)
          at async Promise.all (index 2)
      at TestingInjector.resolveConstructorParams 
(node_modules/@nestjs/core/injector/injector.js:144:27)
      at TestingInjector.loadInstance 
(node_modules/@nestjs/core/injector/injector.js:70:13)
      at TestingInjector.loadProvider 
(node_modules/@nestjs/core/injector/injector.js:98:9)
      at node_modules/@nestjs/core/injector/instance-loader.js:56:13
          at async Promise.all (index 3)
      at TestingInstanceLoader.createInstancesOfProviders 
(node_modules/@nestjs/core/injector/instance-loader.js:55:9)
      at node_modules/@nestjs/core/injector/instance-loader.js:40:13
          at async Promise.all (index 1)
      at TestingInstanceLoader.createInstances 
(node_modules/@nestjs/core/injector/instance-loader.js:39:9)
      at TestingInstanceLoader.createInstancesOfDependencies 
(node_modules/@nestjs/core/injector/instance-loader.js:22:13)
      at TestingInstanceLoader.createInstancesOfDependencies 
(node_modules/@nestjs/testing/testing-instance-loader.js:9:9)
      at TestingModuleBuilder.createInstancesOfDependencies 
(node_modules/@nestjs/testing/testing-module.builder.js:118:9)
      at TestingModuleBuilder.compile 
(node_modules/@nestjs/testing/testing-module.builder.js:74:9)
      at Object.<anonymous> (test/unit/auctions/auctions.service.spec.ts:66:35)

  ÔùÅ AuctionsService ÔÇ║ findOne ÔÇ║ should return auction details

    Nest can't resolve dependencies of the AuctionsService (PrismaService, 
StructuredLogger, ?). Please make sure that the argument RequestContextService at 
index [2] is available in the RootTestModule context.

    Potential solutions:
    - Is RootTestModule a valid NestJS module?
    - If RequestContextService is a provider, is it part of the current 
RootTestModule?
    - If RequestContextService is exported from a separate @Module, is that module 
imported within RootTestModule?
      @Module({
        imports: [ /* the Module containing RequestContextService */ ]
      })

    [0m [90m 64 |[39m     jest[33m.[39mclearAllMocks()[33m;[39m
     [90m 65 |[39m
    [31m[1m>[22m[39m[90m 66 |[39m     [36mconst[39m module[33m:[39m 
[33mTestingModule[39m [33m=[39m [36mawait[39m 
[33mTest[39m[33m.[39mcreateTestingModule({
     [90m    |[39m                                   [31m[1m^[22m[39m
     [90m 67 |[39m       providers[33m:[39m [
     [90m 68 |[39m         [33mAuctionsService[39m[33m,[39m
     [90m 69 |[39m         {[0m

      at TestingInjector.lookupComponentInParentModules 
(node_modules/@nestjs/core/injector/injector.js:262:19)
      at TestingInjector.resolveComponentInstance 
(node_modules/@nestjs/core/injector/injector.js:215:33)
      at TestingInjector.resolveComponentInstance 
(node_modules/@nestjs/testing/testing-injector.js:19:45)
      at resolveParam (node_modules/@nestjs/core/injector/injector.js:129:38)
          at async Promise.all (index 2)
      at TestingInjector.resolveConstructorParams 
(node_modules/@nestjs/core/injector/injector.js:144:27)
      at TestingInjector.loadInstance 
(node_modules/@nestjs/core/injector/injector.js:70:13)
      at TestingInjector.loadProvider 
(node_modules/@nestjs/core/injector/injector.js:98:9)
      at node_modules/@nestjs/core/injector/instance-loader.js:56:13
          at async Promise.all (index 3)
      at TestingInstanceLoader.createInstancesOfProviders 
(node_modules/@nestjs/core/injector/instance-loader.js:55:9)
      at node_modules/@nestjs/core/injector/instance-loader.js:40:13
          at async Promise.all (index 1)
      at TestingInstanceLoader.createInstances 
(node_modules/@nestjs/core/injector/instance-loader.js:39:9)
      at TestingInstanceLoader.createInstancesOfDependencies 
(node_modules/@nestjs/core/injector/instance-loader.js:22:13)
      at TestingInstanceLoader.createInstancesOfDependencies 
(node_modules/@nestjs/testing/testing-instance-loader.js:9:9)
      at TestingModuleBuilder.createInstancesOfDependencies 
(node_modules/@nestjs/testing/testing-module.builder.js:118:9)
      at TestingModuleBuilder.compile 
(node_modules/@nestjs/testing/testing-module.builder.js:74:9)
      at Object.<anonymous> (test/unit/auctions/auctions.service.spec.ts:66:35)

  ÔùÅ AuctionsService ÔÇ║ findOne ÔÇ║ should throw NotFoundException if auction not 
found

    Nest can't resolve dependencies of the AuctionsService (PrismaService, 
StructuredLogger, ?). Please make sure that the argument RequestContextService at 
index [2] is available in the RootTestModule context.

    Potential solutions:
    - Is RootTestModule a valid NestJS module?
    - If RequestContextService is a provider, is it part of the current 
RootTestModule?
    - If RequestContextService is exported from a separate @Module, is that module 
imported within RootTestModule?
      @Module({
        imports: [ /* the Module containing RequestContextService */ ]
      })

    [0m [90m 64 |[39m     jest[33m.[39mclearAllMocks()[33m;[39m
     [90m 65 |[39m
    [31m[1m>[22m[39m[90m 66 |[39m     [36mconst[39m module[33m:[39m 
[33mTestingModule[39m [33m=[39m [36mawait[39m 
[33mTest[39m[33m.[39mcreateTestingModule({
     [90m    |[39m                                   [31m[1m^[22m[39m
     [90m 67 |[39m       providers[33m:[39m [
     [90m 68 |[39m         [33mAuctionsService[39m[33m,[39m
     [90m 69 |[39m         {[0m

      at TestingInjector.lookupComponentInParentModules 
(node_modules/@nestjs/core/injector/injector.js:262:19)
      at TestingInjector.resolveComponentInstance 
(node_modules/@nestjs/core/injector/injector.js:215:33)
      at TestingInjector.resolveComponentInstance 
(node_modules/@nestjs/testing/testing-injector.js:19:45)
      at resolveParam (node_modules/@nestjs/core/injector/injector.js:129:38)
          at async Promise.all (index 2)
      at TestingInjector.resolveConstructorParams 
(node_modules/@nestjs/core/injector/injector.js:144:27)
      at TestingInjector.loadInstance 
(node_modules/@nestjs/core/injector/injector.js:70:13)
      at TestingInjector.loadProvider 
(node_modules/@nestjs/core/injector/injector.js:98:9)
      at node_modules/@nestjs/core/injector/instance-loader.js:56:13
          at async Promise.all (index 3)
      at TestingInstanceLoader.createInstancesOfProviders 
(node_modules/@nestjs/core/injector/instance-loader.js:55:9)
      at node_modules/@nestjs/core/injector/instance-loader.js:40:13
          at async Promise.all (index 1)
      at TestingInstanceLoader.createInstances 
(node_modules/@nestjs/core/injector/instance-loader.js:39:9)
      at TestingInstanceLoader.createInstancesOfDependencies 
(node_modules/@nestjs/core/injector/instance-loader.js:22:13)
      at TestingInstanceLoader.createInstancesOfDependencies 
(node_modules/@nestjs/testing/testing-instance-loader.js:9:9)
      at TestingModuleBuilder.createInstancesOfDependencies 
(node_modules/@nestjs/testing/testing-module.builder.js:118:9)
      at TestingModuleBuilder.compile 
(node_modules/@nestjs/testing/testing-module.builder.js:74:9)
      at Object.<anonymous> (test/unit/auctions/auctions.service.spec.ts:66:35)

  ÔùÅ AuctionsService ÔÇ║ update ÔÇ║ should update auction if owner and in DRAFT 
state

    Nest can't resolve dependencies of the AuctionsService (PrismaService, 
StructuredLogger, ?). Please make sure that the argument RequestContextService at 
index [2] is available in the RootTestModule context.

    Potential solutions:
    - Is RootTestModule a valid NestJS module?
    - If RequestContextService is a provider, is it part of the current 
RootTestModule?
    - If RequestContextService is exported from a separate @Module, is that module 
imported within RootTestModule?
      @Module({
        imports: [ /* the Module containing RequestContextService */ ]
      })

    [0m [90m 64 |[39m     jest[33m.[39mclearAllMocks()[33m;[39m
     [90m 65 |[39m
    [31m[1m>[22m[39m[90m 66 |[39m     [36mconst[39m module[33m:[39m 
[33mTestingModule[39m [33m=[39m [36mawait[39m 
[33mTest[39m[33m.[39mcreateTestingModule({
     [90m    |[39m                                   [31m[1m^[22m[39m
     [90m 67 |[39m       providers[33m:[39m [
     [90m 68 |[39m         [33mAuctionsService[39m[33m,[39m
     [90m 69 |[39m         {[0m

      at TestingInjector.lookupComponentInParentModules 
(node_modules/@nestjs/core/injector/injector.js:262:19)
      at TestingInjector.resolveComponentInstance 
(node_modules/@nestjs/core/injector/injector.js:215:33)
      at TestingInjector.resolveComponentInstance 
(node_modules/@nestjs/testing/testing-injector.js:19:45)
      at resolveParam (node_modules/@nestjs/core/injector/injector.js:129:38)
          at async Promise.all (index 2)
      at TestingInjector.resolveConstructorParams 
(node_modules/@nestjs/core/injector/injector.js:144:27)
      at TestingInjector.loadInstance 
(node_modules/@nestjs/core/injector/injector.js:70:13)
      at TestingInjector.loadProvider 
(node_modules/@nestjs/core/injector/injector.js:98:9)
      at node_modules/@nestjs/core/injector/instance-loader.js:56:13
          at async Promise.all (index 3)
      at TestingInstanceLoader.createInstancesOfProviders 
(node_modules/@nestjs/core/injector/instance-loader.js:55:9)
      at node_modules/@nestjs/core/injector/instance-loader.js:40:13
          at async Promise.all (index 1)
      at TestingInstanceLoader.createInstances 
(node_modules/@nestjs/core/injector/instance-loader.js:39:9)
      at TestingInstanceLoader.createInstancesOfDependencies 
(node_modules/@nestjs/core/injector/instance-loader.js:22:13)
      at TestingInstanceLoader.createInstancesOfDependencies 
(node_modules/@nestjs/testing/testing-instance-loader.js:9:9)
      at TestingModuleBuilder.createInstancesOfDependencies 
(node_modules/@nestjs/testing/testing-module.builder.js:118:9)
      at TestingModuleBuilder.compile 
(node_modules/@nestjs/testing/testing-module.builder.js:74:9)
      at Object.<anonymous> (test/unit/auctions/auctions.service.spec.ts:66:35)

  ÔùÅ AuctionsService ÔÇ║ update ÔÇ║ should throw ForbiddenException if not owner

    Nest can't resolve dependencies of the AuctionsService (PrismaService, 
StructuredLogger, ?). Please make sure that the argument RequestContextService at 
index [2] is available in the RootTestModule context.

    Potential solutions:
    - Is RootTestModule a valid NestJS module?
    - If RequestContextService is a provider, is it part of the current 
RootTestModule?
    - If RequestContextService is exported from a separate @Module, is that module 
imported within RootTestModule?
      @Module({
        imports: [ /* the Module containing RequestContextService */ ]
      })

    [0m [90m 64 |[39m     jest[33m.[39mclearAllMocks()[33m;[39m
     [90m 65 |[39m
    [31m[1m>[22m[39m[90m 66 |[39m     [36mconst[39m module[33m:[39m 
[33mTestingModule[39m [33m=[39m [36mawait[39m 
[33mTest[39m[33m.[39mcreateTestingModule({
     [90m    |[39m                                   [31m[1m^[22m[39m
     [90m 67 |[39m       providers[33m:[39m [
     [90m 68 |[39m         [33mAuctionsService[39m[33m,[39m
     [90m 69 |[39m         {[0m

      at TestingInjector.lookupComponentInParentModules 
(node_modules/@nestjs/core/injector/injector.js:262:19)
      at TestingInjector.resolveComponentInstance 
(node_modules/@nestjs/core/injector/injector.js:215:33)
      at TestingInjector.resolveComponentInstance 
(node_modules/@nestjs/testing/testing-injector.js:19:45)
      at resolveParam (node_modules/@nestjs/core/injector/injector.js:129:38)
          at async Promise.all (index 2)
      at TestingInjector.resolveConstructorParams 
(node_modules/@nestjs/core/injector/injector.js:144:27)
      at TestingInjector.loadInstance 
(node_modules/@nestjs/core/injector/injector.js:70:13)
      at TestingInjector.loadProvider 
(node_modules/@nestjs/core/injector/injector.js:98:9)
      at node_modules/@nestjs/core/injector/instance-loader.js:56:13
          at async Promise.all (index 3)
      at TestingInstanceLoader.createInstancesOfProviders 
(node_modules/@nestjs/core/injector/instance-loader.js:55:9)
      at node_modules/@nestjs/core/injector/instance-loader.js:40:13
          at async Promise.all (index 1)
      at TestingInstanceLoader.createInstances 
(node_modules/@nestjs/core/injector/instance-loader.js:39:9)
      at TestingInstanceLoader.createInstancesOfDependencies 
(node_modules/@nestjs/core/injector/instance-loader.js:22:13)
      at TestingInstanceLoader.createInstancesOfDependencies 
(node_modules/@nestjs/testing/testing-instance-loader.js:9:9)
      at TestingModuleBuilder.createInstancesOfDependencies 
(node_modules/@nestjs/testing/testing-module.builder.js:118:9)
      at TestingModuleBuilder.compile 
(node_modules/@nestjs/testing/testing-module.builder.js:74:9)
      at Object.<anonymous> (test/unit/auctions/auctions.service.spec.ts:66:35)

  ÔùÅ AuctionsService ÔÇ║ update ÔÇ║ should throw ValidationException if not in 
DRAFT state

    Nest can't resolve dependencies of the AuctionsService (PrismaService, 
StructuredLogger, ?). Please make sure that the argument RequestContextService at 
index [2] is available in the RootTestModule context.

    Potential solutions:
    - Is RootTestModule a valid NestJS module?
    - If RequestContextService is a provider, is it part of the current 
RootTestModule?
    - If RequestContextService is exported from a separate @Module, is that module 
imported within RootTestModule?
      @Module({
        imports: [ /* the Module containing RequestContextService */ ]
      })

    [0m [90m 64 |[39m     jest[33m.[39mclearAllMocks()[33m;[39m
     [90m 65 |[39m
    [31m[1m>[22m[39m[90m 66 |[39m     [36mconst[39m module[33m:[39m 
[33mTestingModule[39m [33m=[39m [36mawait[39m 
[33mTest[39m[33m.[39mcreateTestingModule({
     [90m    |[39m                                   [31m[1m^[22m[39m
     [90m 67 |[39m       providers[33m:[39m [
     [90m 68 |[39m         [33mAuctionsService[39m[33m,[39m
     [90m 69 |[39m         {[0m

      at TestingInjector.lookupComponentInParentModules 
(node_modules/@nestjs/core/injector/injector.js:262:19)
      at TestingInjector.resolveComponentInstance 
(node_modules/@nestjs/core/injector/injector.js:215:33)
      at TestingInjector.resolveComponentInstance 
(node_modules/@nestjs/testing/testing-injector.js:19:45)
      at resolveParam (node_modules/@nestjs/core/injector/injector.js:129:38)
          at async Promise.all (index 2)
      at TestingInjector.resolveConstructorParams 
(node_modules/@nestjs/core/injector/injector.js:144:27)
      at TestingInjector.loadInstance 
(node_modules/@nestjs/core/injector/injector.js:70:13)
      at TestingInjector.loadProvider 
(node_modules/@nestjs/core/injector/injector.js:98:9)
      at node_modules/@nestjs/core/injector/instance-loader.js:56:13
          at async Promise.all (index 3)
      at TestingInstanceLoader.createInstancesOfProviders 
(node_modules/@nestjs/core/injector/instance-loader.js:55:9)
      at node_modules/@nestjs/core/injector/instance-loader.js:40:13
          at async Promise.all (index 1)
      at TestingInstanceLoader.createInstances 
(node_modules/@nestjs/core/injector/instance-loader.js:39:9)
      at TestingInstanceLoader.createInstancesOfDependencies 
(node_modules/@nestjs/core/injector/instance-loader.js:22:13)
      at TestingInstanceLoader.createInstancesOfDependencies 
(node_modules/@nestjs/testing/testing-instance-loader.js:9:9)
      at TestingModuleBuilder.createInstancesOfDependencies 
(node_modules/@nestjs/testing/testing-module.builder.js:118:9)
      at TestingModuleBuilder.compile 
(node_modules/@nestjs/testing/testing-module.builder.js:74:9)
      at Object.<anonymous> (test/unit/auctions/auctions.service.spec.ts:66:35)

Test Suites: 1 failed, 1 total
Tests:       8 failed, 8 total
Snapshots:   0 total
Time:        2.063 s, estimated 3 s
Ran all test suites matching /test\\unit\\auctions\\auctions.service.spec.ts/i.
