# ROADMAP HISTORY — FPGE
**Solo append — nunca sobrescribir**

---

## 2026-06-23 — Run FPGE-001

- **Trigger:** `[START FPGE]`
- **Origen PTSA:** S-001 (primera auditoría completa — 2026-06-23)
- **Health al momento:** 86.1 / Clase C (cap freshness)
- **Ítems emitidos:** R-001 a R-007 (7 ítems, todos PROPUESTO)
- **Top por impacto:** R-001 (60.75), R-002 (10.13), R-003 (6.00)
- **Top quick wins:** R-001, R-003, R-006
- **Estado:** Esperando revisión y aprobación del desarrollador

## 2026-06-23 — Promoción masiva R-001..R-007 → PT-026..PT-032

- **Trigger:** `promote FPGE R-001..R-007` (todos APROBADO)
- **Promotions:**
  - R-001 → PT-026 (BUG, STATE 1-B) — DISCOVERY.md
  - R-002 → PT-027 (FEATURE MAJOR, STATE 1-E) — ENRICHMENT.md
  - R-003 → PT-028 (INVESTIGATION, STATE 1-B) — DISCOVERY.md (Investigation Gate ACTIVADO)
  - R-004 → PT-029 (BUG, STATE 1-B) — DISCOVERY.md
  - R-005 → PT-030 (REFACTOR, STATE 1-R) — REFACTOR_SCOPE.md
  - R-006 → PT-031 (TRIVIAL, STATE 1-EXPRESS) — PLAN_ACTUAL.md
  - R-007 → PT-032 (TRIVIAL, STATE 1-EXPRESS) — PLAN_ACTUAL.md
- **Estado:** Todos en STATE 1 — esperando ACK humano por PT antes de STATE 2

## 2026-07-29 — Run FPGE-002

- **Trigger:** `[START FPGE]`
- **Origen PTSA:** S-002-V (2026-07-28) — ultimo registro de `score-history.json`
- **Health al momento:** 95.5 / Clase A / Risk 24 — **pero `score_freshness` STALE**
- **Compuerta de frescura ACTIVADA:** 91 commits y 72 ficheros bajo `src/` desde la ultima
  auditoria (once PT fusionados, PT-136..PT-147). Se emite el roadmap, pero se recomienda
  `resume PTSA` **antes** de tratar el orden como definitivo.
- **Contexto:** primera emision desde S-001 (2026-06-23). R-001 se promovio entero a PT-026..PT-032
  y se retiro como documento vivo en PT-140. **FPGE llevaba cinco semanas sin ejecutarse, y esa era
  la causa mecanica de que el trabajo no se cerrara**: el bucle FDGE -> PTSA -> FPGE -> FDGE estaba
  roto en su tercer eslabon.
- **Items emitidos:** R-008 a R-018 (11 items, todos PROPUESTO). Identificadores R-001..R-007
  consumidos por la emision anterior.
- **Top por impacto:** R-010 (+4.5 real) · R-009 (+4.5 evitado) · R-008 (+4.5 evitado)
- **Top quick wins:** R-009 (121.50) · R-008 (40.50) · R-013 (27.00)
- **Ajuste declarado en el algoritmo:** solo R-010 nace de un hallazgo activo. Para los otros diez
  `ScoreImpact` literal seria 0 y todo quedaria empatado, asi que se usa **penalizacion evitada** —
  la que se aplicaria si el defecto latente se registrara como hallazgo. Marcado item a item.
- **Descartados por evidencia:** dos filas de `PTSA/PENDIENTES.md` («12 productos en BORRADOR» y
  «faltan rubricas en F-1») resultaron **ya resueltas** al verificarlas contra la fuente. No entran
  al roadmap. La correccion corresponde a `PENDIENTES.md`; FPGE es de solo lectura sobre PTSA.
- **No compiten en el algoritmo:** `resume PTSA`, PT-141.B (`[START FOUNDATION]`), los once VoBo
  pendientes, PT-035 T-035.12, y los dos bloqueos externos (TD-001, TD-002).
- **Estado:** esperando revision humana. FPGE no promueve nada por si mismo.

## 2026-07-29 — Run FPGE-003

- **Trigger:** `[START FPGE]` tras el delta sync S-003 y el cierre de los once PT.
- **Origen PTSA:** S-003 (2026-07-29, delta sync)
- **Health al momento:** 88.9 / Clase B / Risk 100 / Confidence 87.0
- **Compuerta de frescura: CERRADA.** `commits_since_audit = 0`. **El orden de esta emision si es
  fiable** — es la diferencia entera con FPGE-002, que ordenaba sobre scores que no habian visto once
  PT ni 91 commits.
- **Items emitidos:** 15 (R-008..R-022, todos PROPUESTO). Cuatro nuevos —R-019..R-022— desde los
  hallazgos H-021, H-022, H-024 y H-023.
- **Top por impacto:** R-019 (+4.5 real) · R-010 (+4.5 real) · R-009 (+4.5 evitado)
- **Top quick wins:** R-009 (81.00) · R-019 (60.75) · R-008 (40.50)
- **Cambio de metodo, declarado:** el `+0.5` de urgencia deja de aplicarse «por dimension STALE»
  —ya no hay staleness— y pasa a aplicarse **por regresion medida**: D2 (100->80) y D4 (100->94) lo
  llevan; D1 y D3, estables, no. Esto **corrige una incoherencia de FPGE-002**, donde el bonus se
  aplico a algunos items de D2 y no a otros; la urgencia es de la dimension, no del item. Por eso
  varios items sin cambio alguno suben o bajan de puntuacion.
- **Prediccion fallida, anotada:** al cerrar S-003 dije que H-021 «tiene todos los numeros para
  desbancar a R-009». No lo hace: 60.75 contra 81.00. H-021 tiene probabilidad 3, no 4 (solo falla
  desde el contenedor), y R-009 es D1 con multiplicador 1.5.
- **Lo que el algoritmo no modela, dicho aparte:** R-020 sale 6.º y **desbloquea la medicion de D1 y
  D5**; la formula puntua penalizacion retirada, no «sin esto la proxima auditoria vuelve a ser
  parcial». Y R-019 + R-020 son los mismos dos ficheros: si se aprueba uno, aprobar los dos.
- **Bloque desaparecido:** los once VoBo pendientes de FPGE-002 se cerraron hoy (nueve CLOSED con
  validacion humana, dos DONE). Era el mayor bloque de aquella emision.
- **Estado:** esperando revision humana. FPGE no promueve nada por si mismo.

## 2026-07-29 — Promocion masiva R-008..R-022 -> PT-148..PT-162

- **Trigger:** `promote FPGE` sobre los quince, por decision humana explicita: «marca a todos como
  APROBADO y promueve todos».
- **Promotions** (por orden de prioridad de R-003):
  - R-009 -> PT-148 (REFACTOR, STATE 1-R)      - la guarda SSR<->API a ADMIN y BASE
  - R-019 -> PT-149 (BUG, STATE 1-B)           - H-021, el veredicto derivado del resultado
  - R-008 -> PT-150 (FEATURE, STATE 1-E)       - escaner de la imagen base
  - R-013 -> PT-151 (INVESTIGATION, STATE 1-B) - el patron de H-019
  - R-012 -> PT-152 (BUG, STATE 1-B)           - la evidencia citada entra en git
  - R-020 -> PT-153 (REFACTOR, STATE 1-R)      - H-022, los checkpoints por PrismaClient
  - R-011 -> PT-154 (REFACTOR, STATE 1-R)      - guarda contra deshacer ADR-049
  - R-010 -> PT-155 (INVESTIGATION, STATE 1-B) - H-005. **BLOQUEADO**
  - R-017 -> PT-156 (FEATURE, STATE 1-E)       - /ratings sin sesion. **BLOQUEADO**
  - R-021 -> PT-157 (BUG, STATE 1-B)           - H-024, audit-scope reapuntado y verificado
  - R-016 -> PT-158 (REFACTOR, STATE 1-R)      - la suite QA sobre TLS
  - R-018 -> PT-159 (BUG, STATE 1-B)           - la suite cabe en el contenedor
  - R-014 -> PT-160 (REFACTOR, STATE 1-R)      - pages-moderation.js a classList
  - R-015 -> PT-161 (REFACTOR, STATE 1-R)      - la imagen sin deps de desarrollo
  - R-022 -> PT-162 (BUG, STATE 1-B)           - UserResponseDto duplicado
- **Paquete de propuesta:** `changes/PT-148-162-tanda-fpge-003/` — **uno para los quince**, no quince.
  El Proposal Gate se cumple igual con un documento que con quince; lo que no se cumpliria es tocar
  codigo sin ninguno. Un solo ACK desbloquea la tanda.
- **Doce ejecutables · dos bloqueados · uno con riesgo de entorno.** Los dos bloqueados se promueven
  porque se pidio promover todos, y se declara aqui en vez de descubrirse a mitad: PT-155 necesita
  contratar un PAC y una decision fiscal; PT-156 es una eleccion de producto. Los dos entregan su
  artefacto de decision, no implementacion.
- **Orden de ejecucion != orden de prioridad.** PT-153 va antes que PT-149 pese a puntuar la mitad:
  sin el no hay forma de comprobar que PT-149 quedo bien. PT-150 antes que PT-161: mide antes de
  recortar.
- **Estado:** los quince en `PROMOVIDO`. Esperando ACK del Proposal Gate.
