
> iron-loot-api@0.2.0 test:e2e
> jest --config ./test/jest-e2e.json watchlist --no-cache --runInBand

  console.info
    {"timestamp":"2026-01-08T03:33:03.962Z","level":"info","service":"ironloot-api","env":"test","traceId":"no-context","message":"Error persistence connected","context":"AuditPersistence"}

      at StructuredLogger.output (../src/common/observability/logger.service.ts:158:17)
          at Function.from (<anonymous>)

  console.info
    {"timestamp":"2026-01-08T03:33:03.981Z","level":"info","service":"ironloot-api","env":"test","traceId":"no-context","message":"Audit persistence connected","context":"AuditPersistence"}

      at StructuredLogger.output (../src/common/observability/logger.service.ts:158:17)
          at Function.from (<anonymous>)

  console.debug
    {"timestamp":"2026-01-08T03:33:04.025Z","level":"debug","service":"ironloot-api","env":"test","traceId":"d246caea-ad50-4e8f-9ea4-9f60425449c9","message":"AuthController.register() called","context":"AuthController","http":{"method":"POST","path":"/"}}

      at StructuredLogger.output (../src/common/observability/logger.service.ts:155:17)

  console.info
    {"timestamp":"2026-01-08T03:33:04.033Z","level":"info","service":"ironloot-api","env":"test","traceId":"d246caea-ad50-4e8f-9ea4-9f60425449c9","message":"Attempting user registration","context":"AuthService","http":{"method":"POST","path":"/"},"data":{"email":"test-qodhst@test.com","username":"userqodhst"}}

      at StructuredLogger.output (../src/common/observability/logger.service.ts:158:17)

  console.debug
    {"timestamp":"2026-01-08T03:33:04.042Z","level":"debug","service":"ironloot-api","env":"test","traceId":"d246caea-ad50-4e8f-9ea4-9f60425449c9","message":"Existing email check","context":"AuthService","http":{"method":"POST","path":"/"},"data":{"email":"test-qodhst@test.com","found":false}}

      at StructuredLogger.output (../src/common/observability/logger.service.ts:155:17)

  console.debug
    {"timestamp":"2026-01-08T03:33:04.044Z","level":"debug","service":"ironloot-api","env":"test","traceId":"d246caea-ad50-4e8f-9ea4-9f60425449c9","message":"Existing username check","context":"AuthService","http":{"method":"POST","path":"/"},"data":{"username":"userqodhst","found":false}}

      at StructuredLogger.output (../src/common/observability/logger.service.ts:155:17)

  console.debug
    {"timestamp":"2026-01-08T03:33:04.238Z","level":"debug","service":"ironloot-api","env":"test","traceId":"d246caea-ad50-4e8f-9ea4-9f60425449c9","message":"Creating user in DB","context":"AuthService","http":{"method":"POST","path":"/"},"data":{"email":"test-qodhst@test.com","username":"userqodhst"}}

      at StructuredLogger.output (../src/common/observability/logger.service.ts:155:17)

  console.info
    {"timestamp":"2026-01-08T03:33:04.246Z","level":"info","service":"ironloot-api","env":"test","traceId":"d246caea-ad50-4e8f-9ea4-9f60425449c9","message":"User registered successfully","context":"AuthService","http":{"method":"POST","path":"/"},"data":{"userId":"1788b1c8-797a-4e84-8b63-ce612888486a"}}

      at StructuredLogger.output (../src/common/observability/logger.service.ts:158:17)

  console.debug
    {"timestamp":"2026-01-08T03:33:04.246Z","level":"debug","service":"ironloot-api","env":"test","traceId":"d246caea-ad50-4e8f-9ea4-9f60425449c9","message":"Created user record","context":"AuthService","http":{"method":"POST","path":"/"},"data":{"email":"test-qodhst@test.com","userId":"1788b1c8-797a-4e84-8b63-ce612888486a"}}

      at StructuredLogger.output (../src/common/observability/logger.service.ts:155:17)

  console.error
    {"timestamp":"2026-01-08T03:33:04.277Z","level":"error","service":"ironloot-api","env":"test","traceId":"d246caea-ad50-4e8f-9ea4-9f60425449c9","message":"Failed to send verification email","context":"EmailService","http":{"method":"POST","path":"/"},"error":{}}

    [0m [90m 162 |[39m         [36mbreak[39m[33m;[39m
     [90m 163 |[39m       [36mcase[39m [33mLogLevel[39m[33m.[39m[33mERROR[39m[33m:[39m
    [31m[1m>[22m[39m[90m 164 |[39m         console[33m.[39merror(json)[33m;[39m
     [90m     |[39m                 [31m[1m^[22m[39m
     [90m 165 |[39m         [36mbreak[39m[33m;[39m
     [90m 166 |[39m     }
     [90m 167 |[39m   }[0m

      at StructuredLogger.output (../src/common/observability/logger.service.ts:164:17)
      at StructuredLogger.write (../src/common/observability/logger.service.ts:109:10)
      at StructuredLogger.error (../src/common/observability/logger.service.ts:65:10)
      at ChildLogger.error (../src/common/observability/logger.service.ts:247:17)
      at EmailService.sendVerificationEmail (../src/modules/notifications/email.service.ts:35:16)
      at AuthService.register (../src/modules/auth/auth.service.ts:210:5)

  console.debug
    {"timestamp":"2026-01-08T03:33:04.281Z","level":"debug","service":"ironloot-api","env":"test","traceId":"d246caea-ad50-4e8f-9ea4-9f60425449c9","message":"AuthController.register() completed","context":"AuthController","duration":256,"http":{"method":"POST","path":"/"}}

      at StructuredLogger.output (../src/common/observability/logger.service.ts:155:17)

  console.debug
    {"timestamp":"2026-01-08T03:33:04.315Z","level":"debug","service":"ironloot-api","env":"test","traceId":"862e2809-db8d-4715-8a18-96c8ec49117e","message":"AuthController.login() called","context":"AuthController","http":{"method":"POST","path":"/"}}

      at StructuredLogger.output (../src/common/observability/logger.service.ts:155:17)

  console.info
    {"timestamp":"2026-01-08T03:33:04.317Z","level":"info","service":"ironloot-api","env":"test","traceId":"862e2809-db8d-4715-8a18-96c8ec49117e","message":"Login attempt","context":"AuthService","http":{"method":"POST","path":"/"},"data":{"email":"test-qodhst@test.com"}}

      at StructuredLogger.output (../src/common/observability/logger.service.ts:158:17)

  console.info
    {"timestamp":"2026-01-08T03:33:04.509Z","level":"info","service":"ironloot-api","env":"test","traceId":"862e2809-db8d-4715-8a18-96c8ec49117e","message":"User logged in successfully","context":"AuthService","userId":"1788b1c8-797a-4e84-8b63-ce612888486a","http":{"method":"POST","path":"/"},"data":{"userId":"1788b1c8-797a-4e84-8b63-ce612888486a"}}

      at StructuredLogger.output (../src/common/observability/logger.service.ts:158:17)

  console.debug
    {"timestamp":"2026-01-08T03:33:04.519Z","level":"debug","service":"ironloot-api","env":"test","traceId":"862e2809-db8d-4715-8a18-96c8ec49117e","message":"AuthController.login() completed","context":"AuthController","userId":"1788b1c8-797a-4e84-8b63-ce612888486a","duration":204,"http":{"method":"POST","path":"/"}}

      at StructuredLogger.output (../src/common/observability/logger.service.ts:155:17)

  console.debug
    {"timestamp":"2026-01-08T03:33:04.524Z","level":"debug","service":"ironloot-api","env":"test","traceId":"b7bbfd3e-c74f-4d30-be1b-c28d19364a0f","message":"AuthController.register() called","context":"AuthController","http":{"method":"POST","path":"/"}}

      at StructuredLogger.output (../src/common/observability/logger.service.ts:155:17)

  console.info
    {"timestamp":"2026-01-08T03:33:04.525Z","level":"info","service":"ironloot-api","env":"test","traceId":"b7bbfd3e-c74f-4d30-be1b-c28d19364a0f","message":"Attempting user registration","context":"AuthService","http":{"method":"POST","path":"/"},"data":{"email":"test-3a2ooe@test.com","username":"user3a2ooe"}}

      at StructuredLogger.output (../src/common/observability/logger.service.ts:158:17)

  console.debug
    {"timestamp":"2026-01-08T03:33:04.527Z","level":"debug","service":"ironloot-api","env":"test","traceId":"b7bbfd3e-c74f-4d30-be1b-c28d19364a0f","message":"Existing email check","context":"AuthService","http":{"method":"POST","path":"/"},"data":{"email":"test-3a2ooe@test.com","found":false}}

      at StructuredLogger.output (../src/common/observability/logger.service.ts:155:17)

  console.debug
    {"timestamp":"2026-01-08T03:33:04.529Z","level":"debug","service":"ironloot-api","env":"test","traceId":"b7bbfd3e-c74f-4d30-be1b-c28d19364a0f","message":"Existing username check","context":"AuthService","http":{"method":"POST","path":"/"},"data":{"username":"user3a2ooe","found":false}}

      at StructuredLogger.output (../src/common/observability/logger.service.ts:155:17)

  console.debug
    {"timestamp":"2026-01-08T03:33:04.719Z","level":"debug","service":"ironloot-api","env":"test","traceId":"b7bbfd3e-c74f-4d30-be1b-c28d19364a0f","message":"Creating user in DB","context":"AuthService","http":{"method":"POST","path":"/"},"data":{"email":"test-3a2ooe@test.com","username":"user3a2ooe"}}

      at StructuredLogger.output (../src/common/observability/logger.service.ts:155:17)

  console.info
    {"timestamp":"2026-01-08T03:33:04.724Z","level":"info","service":"ironloot-api","env":"test","traceId":"b7bbfd3e-c74f-4d30-be1b-c28d19364a0f","message":"User registered successfully","context":"AuthService","http":{"method":"POST","path":"/"},"data":{"userId":"5cc81b6f-80a2-4b2c-9500-4b966bb4f5a5"}}

      at StructuredLogger.output (../src/common/observability/logger.service.ts:158:17)

  console.debug
    {"timestamp":"2026-01-08T03:33:04.725Z","level":"debug","service":"ironloot-api","env":"test","traceId":"b7bbfd3e-c74f-4d30-be1b-c28d19364a0f","message":"Created user record","context":"AuthService","http":{"method":"POST","path":"/"},"data":{"email":"test-3a2ooe@test.com","userId":"5cc81b6f-80a2-4b2c-9500-4b966bb4f5a5"}}

      at StructuredLogger.output (../src/common/observability/logger.service.ts:155:17)

  console.error
    {"timestamp":"2026-01-08T03:33:04.734Z","level":"error","service":"ironloot-api","env":"test","traceId":"b7bbfd3e-c74f-4d30-be1b-c28d19364a0f","message":"Failed to send verification email","context":"EmailService","http":{"method":"POST","path":"/"},"error":{}}

    [0m [90m 162 |[39m         [36mbreak[39m[33m;[39m
     [90m 163 |[39m       [36mcase[39m [33mLogLevel[39m[33m.[39m[33mERROR[39m[33m:[39m
    [31m[1m>[22m[39m[90m 164 |[39m         console[33m.[39merror(json)[33m;[39m
     [90m     |[39m                 [31m[1m^[22m[39m
     [90m 165 |[39m         [36mbreak[39m[33m;[39m
     [90m 166 |[39m     }
     [90m 167 |[39m   }[0m

      at StructuredLogger.output (../src/common/observability/logger.service.ts:164:17)
      at StructuredLogger.write (../src/common/observability/logger.service.ts:109:10)
      at StructuredLogger.error (../src/common/observability/logger.service.ts:65:10)
      at ChildLogger.error (../src/common/observability/logger.service.ts:247:17)
      at EmailService.sendVerificationEmail (../src/modules/notifications/email.service.ts:35:16)
      at AuthService.register (../src/modules/auth/auth.service.ts:210:5)

  console.debug
    {"timestamp":"2026-01-08T03:33:04.736Z","level":"debug","service":"ironloot-api","env":"test","traceId":"b7bbfd3e-c74f-4d30-be1b-c28d19364a0f","message":"AuthController.register() completed","context":"AuthController","duration":212,"http":{"method":"POST","path":"/"}}

      at StructuredLogger.output (../src/common/observability/logger.service.ts:155:17)

  console.debug
    {"timestamp":"2026-01-08T03:33:04.749Z","level":"debug","service":"ironloot-api","env":"test","traceId":"d11d9119-5e43-42dd-8bae-a6739265a68d","message":"AuthController.login() called","context":"AuthController","http":{"method":"POST","path":"/"}}

      at StructuredLogger.output (../src/common/observability/logger.service.ts:155:17)

  console.info
    {"timestamp":"2026-01-08T03:33:04.750Z","level":"info","service":"ironloot-api","env":"test","traceId":"d11d9119-5e43-42dd-8bae-a6739265a68d","message":"Login attempt","context":"AuthService","http":{"method":"POST","path":"/"},"data":{"email":"test-3a2ooe@test.com"}}

      at StructuredLogger.output (../src/common/observability/logger.service.ts:158:17)

  console.info
    {"timestamp":"2026-01-08T03:33:04.941Z","level":"info","service":"ironloot-api","env":"test","traceId":"d11d9119-5e43-42dd-8bae-a6739265a68d","message":"User logged in successfully","context":"AuthService","userId":"5cc81b6f-80a2-4b2c-9500-4b966bb4f5a5","http":{"method":"POST","path":"/"},"data":{"userId":"5cc81b6f-80a2-4b2c-9500-4b966bb4f5a5"}}

      at StructuredLogger.output (../src/common/observability/logger.service.ts:158:17)

  console.debug
    {"timestamp":"2026-01-08T03:33:04.950Z","level":"debug","service":"ironloot-api","env":"test","traceId":"d11d9119-5e43-42dd-8bae-a6739265a68d","message":"AuthController.login() completed","context":"AuthController","userId":"5cc81b6f-80a2-4b2c-9500-4b966bb4f5a5","duration":201,"http":{"method":"POST","path":"/"}}

      at StructuredLogger.output (../src/common/observability/logger.service.ts:155:17)

  console.info
    {"timestamp":"2026-01-08T03:33:04.959Z","level":"info","service":"ironloot-api","env":"test","traceId":"87b119db-2a85-45c0-b3c5-21f945ffedc6","message":"AuctionsController.create() called","context":"AuctionsController","userId":"1788b1c8-797a-4e84-8b63-ce612888486a","http":{"method":"POST","path":"/"}}

      at StructuredLogger.output (../src/common/observability/logger.service.ts:158:17)

  console.debug
    {"timestamp":"2026-01-08T03:33:04.961Z","level":"debug","service":"ironloot-api","env":"test","traceId":"87b119db-2a85-45c0-b3c5-21f945ffedc6","message":"Creating auction","context":"AuctionsService","userId":"1788b1c8-797a-4e84-8b63-ce612888486a","http":{"method":"POST","path":"/"},"data":{"userId":"1788b1c8-797a-4e84-8b63-ce612888486a","title":"Watchlist Test Auction"}}

      at StructuredLogger.output (../src/common/observability/logger.service.ts:155:17)

  console.info
    {"timestamp":"2026-01-08T03:33:04.970Z","level":"info","service":"ironloot-api","env":"test","traceId":"87b119db-2a85-45c0-b3c5-21f945ffedc6","message":"Auction created successfully","context":"AuctionsService","userId":"1788b1c8-797a-4e84-8b63-ce612888486a","http":{"method":"POST","path":"/"},"data":{"auctionId":"694d4f67-250d-41c1-abfc-a4164e1d8776"}}

      at StructuredLogger.output (../src/common/observability/logger.service.ts:158:17)

  console.info
    {"timestamp":"2026-01-08T03:33:04.970Z","level":"info","service":"ironloot-api","env":"test","traceId":"87b119db-2a85-45c0-b3c5-21f945ffedc6","message":"AuctionsController.create() completed","context":"AuctionsController","userId":"1788b1c8-797a-4e84-8b63-ce612888486a","duration":11,"http":{"method":"POST","path":"/"}}

      at StructuredLogger.output (../src/common/observability/logger.service.ts:158:17)

  console.info
    {"timestamp":"2026-01-08T03:33:04.977Z","level":"info","service":"ironloot-api","env":"test","traceId":"74f1bd8c-61db-40bb-bddd-ca84165a4579","message":"AuctionsController.publish() called","context":"AuctionsController","userId":"1788b1c8-797a-4e84-8b63-ce612888486a","http":{"method":"POST","path":"/"}}

      at StructuredLogger.output (../src/common/observability/logger.service.ts:158:17)

  console.info
    {"timestamp":"2026-01-08T03:33:04.984Z","level":"info","service":"ironloot-api","env":"test","traceId":"74f1bd8c-61db-40bb-bddd-ca84165a4579","message":"Auction published","context":"AuctionsService","userId":"1788b1c8-797a-4e84-8b63-ce612888486a","http":{"method":"POST","path":"/"},"data":{"auctionId":"694d4f67-250d-41c1-abfc-a4164e1d8776"}}

      at StructuredLogger.output (../src/common/observability/logger.service.ts:158:17)

  console.info
    {"timestamp":"2026-01-08T03:33:04.985Z","level":"info","service":"ironloot-api","env":"test","traceId":"74f1bd8c-61db-40bb-bddd-ca84165a4579","message":"AuctionsController.publish() completed","context":"AuctionsController","userId":"1788b1c8-797a-4e84-8b63-ce612888486a","duration":8,"http":{"method":"POST","path":"/"}}

      at StructuredLogger.output (../src/common/observability/logger.service.ts:158:17)

  console.log
    prisma:error 
    Invalid `this.prisma.auditEvent.create()` invocation in
    C:\DevOps\Desarrollos\IronLoot\api\src\modules\audit\audit-persistence.service.ts:81:36
    
      78   payload?: Record<string, unknown>;
      79 }): Promise<void> {
      80   try {
    ÔåÆ 81     await this.prisma.auditEvent.create({
               data: {
                 eventType: "AUCTION_PUBLISHED",
                 traceId: "74f1bd8c-61db-40bb-bddd-ca84165a4579",
                 env: "test",
                 service: "ironloot-api",
                 actorType: "user",
                 actorUserId: "1788b1c8-797a-4e84-8b63-ce612888486a",
                 entityType: "Auction",
                 result: "SUCCESS",
                 reasonCode: undefined,
                 payload: {},
                 payloadVersion: 1,
             +   entityId: String
               }
             })
    
    Argument `entityId` is missing.

      at Object.mc (../node_modules/@prisma/client/runtime/library.js:21:432)

  console.warn
    {"timestamp":"2026-01-08T03:33:05.005Z","level":"warn","service":"ironloot-api","env":"test","traceId":"74f1bd8c-61db-40bb-bddd-ca84165a4579","message":"Failed to persist audit event","context":"AuditPersistence","userId":"1788b1c8-797a-4e84-8b63-ce612888486a","http":{"method":"POST","path":"/"},"data":{"eventType":"AUCTION_PUBLISHED","entityType":"Auction"},"error":{"message":"\nInvalid `this.prisma.auditEvent.create()` invocation in\nC:\\DevOps\\Desarrollos\\IronLoot\\api\\src\\modules\\audit\\audit-persistence.service.ts:81:36\n\n  78   payload?: Record<string, unknown>;\n  79 }): Promise<void> {\n  80   try {\nÔåÆ 81     await this.prisma.auditEvent.create({\n           data: {\n             eventType: \"AUCTION_PUBLISHED\",\n             traceId: \"74f1bd8c-61db-40bb-bddd-ca84165a4579\",\n             env: \"test\",\n             service: \"ironloot-api\",\n             actorType: \"user\",\n             actorUserId: \"1788b1c8-797a-4e84-8b63-ce612888486a\",\n             entityType: \"Auction\",\n             result: \"SUCCESS\",\n             reasonCode: undefined,\n             payload: {},\n             payloadVersion: 1,\n         +   entityId: String\n           }\n         })\n\nArgument `entityId` is missing.","stack":"PrismaClientValidationError: \nInvalid `this.prisma.auditEvent.create()` invocation in\nC:\\DevOps\\Desarrollos\\IronLoot\\api\\src\\modules\\audit\\audit-persistence.service.ts:81:36\n\n  78   payload?: Record<string, unknown>;\n  79 }): Promise<void> {\n  80   try {\nÔåÆ 81     await this.prisma.auditEvent.create({\n           data: {\n             eventType: \"AUCTION_PUBLISHED\",\n             traceId: \"74f1bd8c-61db-40bb-bddd-ca84165a4579\",\n             env: \"test\",\n             service: \"ironloot-api\",\n             actorType: \"user\",\n             actorUserId: \"1788b1c8-797a-4e84-8b63-ce612888486a\",\n             entityType: \"Auction\",\n             result: \"SUCCESS\",\n             reasonCode: undefined,\n             payload: {},\n             payloadVersion: 1,\n         +   entityId: String\n           }\n         })\n\nArgument `entityId` is missing.\n    at wn (C:\\DevOps\\Desarrollos\\IronLoot\\api\\node_modules\\@prisma\\client\\runtime\\library.js:29:1363)\n    at $n.handleRequestError (C:\\DevOps\\Desarrollos\\IronLoot\\api\\node_modules\\@prisma\\client\\runtime\\library.js:121:6958)\n    at $n.handleAndLogRequestError (C:\\DevOps\\Desarrollos\\IronLoot\\api\\node_modules\\@prisma\\client\\runtime\\library.js:121:6623)\n    at $n.request (C:\\DevOps\\Desarrollos\\IronLoot\\api\\node_modules\\@prisma\\client\\runtime\\library.js:121:6307)\n    at l (C:\\DevOps\\Desarrollos\\IronLoot\\api\\node_modules\\@prisma\\client\\runtime\\library.js:130:9633)\n    at AuditPersistenceService.persistAuditEvent (C:\\DevOps\\Desarrollos\\IronLoot\\api\\src\\modules\\audit\\audit-persistence.service.ts:81:7)"}}

    [0m [90m 159 |[39m         [36mbreak[39m[33m;[39m
     [90m 160 |[39m       [36mcase[39m [33mLogLevel[39m[33m.[39m[33mWARN[39m[33m:[39m
    [31m[1m>[22m[39m[90m 161 |[39m         console[33m.[39mwarn(json)[33m;[39m
     [90m     |[39m                 [31m[1m^[22m[39m
     [90m 162 |[39m         [36mbreak[39m[33m;[39m
     [90m 163 |[39m       [36mcase[39m [33mLogLevel[39m[33m.[39m[33mERROR[39m[33m:[39m
     [90m 164 |[39m         console[33m.[39merror(json)[33m;[39m[0m

      at StructuredLogger.output (../src/common/observability/logger.service.ts:161:17)
      at StructuredLogger.write (../src/common/observability/logger.service.ts:109:10)
      at StructuredLogger.warn (../src/common/observability/logger.service.ts:61:10)
      at AuditPersistenceService.persistAuditEvent (../src/modules/audit/audit-persistence.service.ts:98:19)

  console.debug
    {"timestamp":"2026-01-08T03:33:05.012Z","level":"debug","service":"ironloot-api","env":"test","traceId":"81f52da0-0506-4c48-92d7-5e3ac1e8efed","message":"WatchlistController.getWatchlist() called","context":"WatchlistController","userId":"5cc81b6f-80a2-4b2c-9500-4b966bb4f5a5","http":{"method":"GET","path":"/"}}

      at StructuredLogger.output (../src/common/observability/logger.service.ts:155:17)

  console.debug
    {"timestamp":"2026-01-08T03:33:05.015Z","level":"debug","service":"ironloot-api","env":"test","traceId":"81f52da0-0506-4c48-92d7-5e3ac1e8efed","message":"WatchlistController.getWatchlist() completed","context":"WatchlistController","userId":"5cc81b6f-80a2-4b2c-9500-4b966bb4f5a5","duration":3,"http":{"method":"GET","path":"/"}}

      at StructuredLogger.output (../src/common/observability/logger.service.ts:155:17)

  console.warn
    {"timestamp":"2026-01-08T03:33:05.023Z","level":"warn","service":"ironloot-api","env":"test","traceId":"9474e368-054c-4d1b-9b82-99d5844a0ce3","message":"Authentication required","context":"ExceptionFilter","http":{"method":"GET","path":"/"},"data":{"httpStatus":401,"isBusinessError":true},"error":{"code":"UNAUTHORIZED","message":"Authentication required","stack":"UnauthorizedException: Authentication required\n    at JwtAuthGuard.handleRequest (C:\\DevOps\\Desarrollos\\IronLoot\\api\\src\\modules\\auth\\guards\\jwt-auth.guard.ts:41:20)\n    at C:\\DevOps\\Desarrollos\\IronLoot\\api\\node_modules\\@nestjs\\passport\\dist\\auth.guard.js:44:124\n    at C:\\DevOps\\Desarrollos\\IronLoot\\api\\node_modules\\@nestjs\\passport\\dist\\auth.guard.js:83:24\n    at allFailed (C:\\DevOps\\Desarrollos\\IronLoot\\api\\node_modules\\passport\\lib\\middleware\\authenticate.js:110:18)\n    at attempt (C:\\DevOps\\Desarrollos\\IronLoot\\api\\node_modules\\passport\\lib\\middleware\\authenticate.js:183:28)\n    at JwtStrategy.strategy.fail (C:\\DevOps\\Desarrollos\\IronLoot\\api\\node_modules\\passport\\lib\\middleware\\authenticate.js:314:9)\n    at JwtStrategy.Object.<anonymous>.JwtStrategy.authenticate (C:\\DevOps\\Desarrollos\\IronLoot\\api\\node_modules\\passport-jwt\\lib\\strategy.js:96:21)\n    at attempt (C:\\DevOps\\Desarrollos\\IronLoot\\api\\node_modules\\passport\\lib\\middleware\\authenticate.js:378:16)\n    at authenticate (C:\\DevOps\\Desarrollos\\IronLoot\\api\\node_modules\\passport\\lib\\middleware\\authenticate.js:379:7)\n    at C:\\DevOps\\Desarrollos\\IronLoot\\api\\node_modules\\@nestjs\\passport\\dist\\auth.guard.js:88:3\n    at new Promise (<anonymous>)\n    at C:\\DevOps\\Desarrollos\\IronLoot\\api\\node_modules\\@nestjs\\passport\\dist\\auth.guard.js:80:83\n    at JwtAuthGuard.canActivate (C:\\DevOps\\Desarrollos\\IronLoot\\api\\node_modules\\@nestjs\\passport\\dist\\auth.guard.js:44:32)\n    at processTicksAndRejections (node:internal/process/task_queues:105:5)"}}

    [0m [90m 159 |[39m         [36mbreak[39m[33m;[39m
     [90m 160 |[39m       [36mcase[39m [33mLogLevel[39m[33m.[39m[33mWARN[39m[33m:[39m
    [31m[1m>[22m[39m[90m 161 |[39m         console[33m.[39mwarn(json)[33m;[39m
     [90m     |[39m                 [31m[1m^[22m[39m
     [90m 162 |[39m         [36mbreak[39m[33m;[39m
     [90m 163 |[39m       [36mcase[39m [33mLogLevel[39m[33m.[39m[33mERROR[39m[33m:[39m
     [90m 164 |[39m         console[33m.[39merror(json)[33m;[39m[0m

      at StructuredLogger.output (../src/common/observability/logger.service.ts:161:17)
      at StructuredLogger.write (../src/common/observability/logger.service.ts:109:10)
      at StructuredLogger.logWithLevel (../src/common/observability/logger.service.ts:72:10)
      at GlobalExceptionFilter.catch (../src/common/observability/exception.filter.ts:101:17)
      at ExceptionsHandler.invokeCustomFilters (../node_modules/@nestjs/core/exceptions/exceptions-handler.js:30:26)
      at ExceptionsHandler.next (../node_modules/@nestjs/core/exceptions/exceptions-handler.js:14:18)
      at ../node_modules/@nestjs/core/router/router-proxy.js:13:35

  console.info
    {"timestamp":"2026-01-08T03:33:05.035Z","level":"info","service":"ironloot-api","env":"test","traceId":"c253422b-2078-40d5-ae3c-60340a92307d","message":"WatchlistController.addToWatchlist() called","context":"WatchlistController","userId":"5cc81b6f-80a2-4b2c-9500-4b966bb4f5a5","http":{"method":"POST","path":"/"}}

      at StructuredLogger.output (../src/common/observability/logger.service.ts:158:17)

  console.info
    {"timestamp":"2026-01-08T03:33:05.042Z","level":"info","service":"ironloot-api","env":"test","traceId":"c253422b-2078-40d5-ae3c-60340a92307d","message":"Added to watchlist","context":"WatchlistService","userId":"5cc81b6f-80a2-4b2c-9500-4b966bb4f5a5","http":{"method":"POST","path":"/"},"data":{"userId":"5cc81b6f-80a2-4b2c-9500-4b966bb4f5a5","auctionId":"694d4f67-250d-41c1-abfc-a4164e1d8776"}}

      at StructuredLogger.output (../src/common/observability/logger.service.ts:158:17)

  console.info
    {"timestamp":"2026-01-08T03:33:05.044Z","level":"info","service":"ironloot-api","env":"test","traceId":"c253422b-2078-40d5-ae3c-60340a92307d","message":"WatchlistController.addToWatchlist() completed","context":"WatchlistController","userId":"5cc81b6f-80a2-4b2c-9500-4b966bb4f5a5","duration":8,"http":{"method":"POST","path":"/"}}

      at StructuredLogger.output (../src/common/observability/logger.service.ts:158:17)

  console.log
    prisma:error 
    Invalid `this.prisma.auditEvent.create()` invocation in
    C:\DevOps\Desarrollos\IronLoot\api\src\modules\audit\audit-persistence.service.ts:81:36
    
      78   payload?: Record<string, unknown>;
      79 }): Promise<void> {
      80   try {
    ÔåÆ 81     await this.prisma.auditEvent.create(
    Inconsistent column data: Error creating UUID, invalid character: expected an optional prefix of `urn:uuid:` followed by [0-9a-fA-F-], found `u` at 1

      at Object.mc (../node_modules/@prisma/client/runtime/library.js:21:432)

  console.warn
    {"timestamp":"2026-01-08T03:33:05.049Z","level":"warn","service":"ironloot-api","env":"test","traceId":"c253422b-2078-40d5-ae3c-60340a92307d","message":"Failed to persist audit event","context":"AuditPersistence","userId":"5cc81b6f-80a2-4b2c-9500-4b966bb4f5a5","http":{"method":"POST","path":"/"},"data":{"eventType":"WATCHLIST_ADD","entityType":"Watchlist"},"error":{"message":"\nInvalid `this.prisma.auditEvent.create()` invocation in\nC:\\DevOps\\Desarrollos\\IronLoot\\api\\src\\modules\\audit\\audit-persistence.service.ts:81:36\n\n  78   payload?: Record<string, unknown>;\n  79 }): Promise<void> {\n  80   try {\nÔåÆ 81     await this.prisma.auditEvent.create(\nInconsistent column data: Error creating UUID, invalid character: expected an optional prefix of `urn:uuid:` followed by [0-9a-fA-F-], found `u` at 1","stack":"PrismaClientKnownRequestError: \nInvalid `this.prisma.auditEvent.create()` invocation in\nC:\\DevOps\\Desarrollos\\IronLoot\\api\\src\\modules\\audit\\audit-persistence.service.ts:81:36\n\n  78   payload?: Record<string, unknown>;\n  79 }): Promise<void> {\n  80   try {\nÔåÆ 81     await this.prisma.auditEvent.create(\nInconsistent column data: Error creating UUID, invalid character: expected an optional prefix of `urn:uuid:` followed by [0-9a-fA-F-], found `u` at 1\n    at $n.handleRequestError (C:\\DevOps\\Desarrollos\\IronLoot\\api\\node_modules\\@prisma\\client\\runtime\\library.js:121:7315)\n    at $n.handleAndLogRequestError (C:\\DevOps\\Desarrollos\\IronLoot\\api\\node_modules\\@prisma\\client\\runtime\\library.js:121:6623)\n    at $n.request (C:\\DevOps\\Desarrollos\\IronLoot\\api\\node_modules\\@prisma\\client\\runtime\\library.js:121:6307)\n    at l (C:\\DevOps\\Desarrollos\\IronLoot\\api\\node_modules\\@prisma\\client\\runtime\\library.js:130:9633)\n    at AuditPersistenceService.persistAuditEvent (C:\\DevOps\\Desarrollos\\IronLoot\\api\\src\\modules\\audit\\audit-persistence.service.ts:81:7)"}}

    [0m [90m 159 |[39m         [36mbreak[39m[33m;[39m
     [90m 160 |[39m       [36mcase[39m [33mLogLevel[39m[33m.[39m[33mWARN[39m[33m:[39m
    [31m[1m>[22m[39m[90m 161 |[39m         console[33m.[39mwarn(json)[33m;[39m
     [90m     |[39m                 [31m[1m^[22m[39m
     [90m 162 |[39m         [36mbreak[39m[33m;[39m
     [90m 163 |[39m       [36mcase[39m [33mLogLevel[39m[33m.[39m[33mERROR[39m[33m:[39m
     [90m 164 |[39m         console[33m.[39merror(json)[33m;[39m[0m

      at StructuredLogger.output (../src/common/observability/logger.service.ts:161:17)
      at StructuredLogger.write (../src/common/observability/logger.service.ts:109:10)
      at StructuredLogger.warn (../src/common/observability/logger.service.ts:61:10)
      at AuditPersistenceService.persistAuditEvent (../src/modules/audit/audit-persistence.service.ts:98:19)

  console.info
    {"timestamp":"2026-01-08T03:33:05.054Z","level":"info","service":"ironloot-api","env":"test","traceId":"b3f6bc42-d9f5-41e1-ad83-8c2351e43b3c","message":"WatchlistController.addToWatchlist() called","context":"WatchlistController","userId":"5cc81b6f-80a2-4b2c-9500-4b966bb4f5a5","http":{"method":"POST","path":"/"}}

      at StructuredLogger.output (../src/common/observability/logger.service.ts:158:17)

  console.debug
    {"timestamp":"2026-01-08T03:33:05.057Z","level":"debug","service":"ironloot-api","env":"test","traceId":"b3f6bc42-d9f5-41e1-ad83-8c2351e43b3c","message":"Watchlist item already exists","context":"WatchlistService","userId":"5cc81b6f-80a2-4b2c-9500-4b966bb4f5a5","http":{"method":"POST","path":"/"},"data":{"userId":"5cc81b6f-80a2-4b2c-9500-4b966bb4f5a5","auctionId":"694d4f67-250d-41c1-abfc-a4164e1d8776"}}

      at StructuredLogger.output (../src/common/observability/logger.service.ts:155:17)

  console.info
    {"timestamp":"2026-01-08T03:33:05.058Z","level":"info","service":"ironloot-api","env":"test","traceId":"b3f6bc42-d9f5-41e1-ad83-8c2351e43b3c","message":"WatchlistController.addToWatchlist() completed","context":"WatchlistController","userId":"5cc81b6f-80a2-4b2c-9500-4b966bb4f5a5","duration":4,"http":{"method":"POST","path":"/"}}

      at StructuredLogger.output (../src/common/observability/logger.service.ts:158:17)

  console.log
    prisma:error 
    Invalid `this.prisma.auditEvent.create()` invocation in
    C:\DevOps\Desarrollos\IronLoot\api\src\modules\audit\audit-persistence.service.ts:81:36
    
      78   payload?: Record<string, unknown>;
      79 }): Promise<void> {
      80   try {
    ÔåÆ 81     await this.prisma.auditEvent.create(
    Inconsistent column data: Error creating UUID, invalid character: expected an optional prefix of `urn:uuid:` followed by [0-9a-fA-F-], found `u` at 1

      at Object.mc (../node_modules/@prisma/client/runtime/library.js:21:432)

  console.warn
    {"timestamp":"2026-01-08T03:33:05.062Z","level":"warn","service":"ironloot-api","env":"test","traceId":"b3f6bc42-d9f5-41e1-ad83-8c2351e43b3c","message":"Failed to persist audit event","context":"AuditPersistence","userId":"5cc81b6f-80a2-4b2c-9500-4b966bb4f5a5","http":{"method":"POST","path":"/"},"data":{"eventType":"WATCHLIST_ADD","entityType":"Watchlist"},"error":{"message":"\nInvalid `this.prisma.auditEvent.create()` invocation in\nC:\\DevOps\\Desarrollos\\IronLoot\\api\\src\\modules\\audit\\audit-persistence.service.ts:81:36\n\n  78   payload?: Record<string, unknown>;\n  79 }): Promise<void> {\n  80   try {\nÔåÆ 81     await this.prisma.auditEvent.create(\nInconsistent column data: Error creating UUID, invalid character: expected an optional prefix of `urn:uuid:` followed by [0-9a-fA-F-], found `u` at 1","stack":"PrismaClientKnownRequestError: \nInvalid `this.prisma.auditEvent.create()` invocation in\nC:\\DevOps\\Desarrollos\\IronLoot\\api\\src\\modules\\audit\\audit-persistence.service.ts:81:36\n\n  78   payload?: Record<string, unknown>;\n  79 }): Promise<void> {\n  80   try {\nÔåÆ 81     await this.prisma.auditEvent.create(\nInconsistent column data: Error creating UUID, invalid character: expected an optional prefix of `urn:uuid:` followed by [0-9a-fA-F-], found `u` at 1\n    at $n.handleRequestError (C:\\DevOps\\Desarrollos\\IronLoot\\api\\node_modules\\@prisma\\client\\runtime\\library.js:121:7315)\n    at $n.handleAndLogRequestError (C:\\DevOps\\Desarrollos\\IronLoot\\api\\node_modules\\@prisma\\client\\runtime\\library.js:121:6623)\n    at $n.request (C:\\DevOps\\Desarrollos\\IronLoot\\api\\node_modules\\@prisma\\client\\runtime\\library.js:121:6307)\n    at l (C:\\DevOps\\Desarrollos\\IronLoot\\api\\node_modules\\@prisma\\client\\runtime\\library.js:130:9633)\n    at AuditPersistenceService.persistAuditEvent (C:\\DevOps\\Desarrollos\\IronLoot\\api\\src\\modules\\audit\\audit-persistence.service.ts:81:7)"}}

    [0m [90m 159 |[39m         [36mbreak[39m[33m;[39m
     [90m 160 |[39m       [36mcase[39m [33mLogLevel[39m[33m.[39m[33mWARN[39m[33m:[39m
    [31m[1m>[22m[39m[90m 161 |[39m         console[33m.[39mwarn(json)[33m;[39m
     [90m     |[39m                 [31m[1m^[22m[39m
     [90m 162 |[39m         [36mbreak[39m[33m;[39m
     [90m 163 |[39m       [36mcase[39m [33mLogLevel[39m[33m.[39m[33mERROR[39m[33m:[39m
     [90m 164 |[39m         console[33m.[39merror(json)[33m;[39m[0m

      at StructuredLogger.output (../src/common/observability/logger.service.ts:161:17)
      at StructuredLogger.write (../src/common/observability/logger.service.ts:109:10)
      at StructuredLogger.warn (../src/common/observability/logger.service.ts:61:10)
      at AuditPersistenceService.persistAuditEvent (../src/modules/audit/audit-persistence.service.ts:98:19)

  console.info
    {"timestamp":"2026-01-08T03:33:05.066Z","level":"info","service":"ironloot-api","env":"test","traceId":"44caeee5-7da4-4bab-aaf5-8597cd340f03","message":"WatchlistController.addToWatchlist() called","context":"WatchlistController","userId":"5cc81b6f-80a2-4b2c-9500-4b966bb4f5a5","http":{"method":"POST","path":"/"}}

      at StructuredLogger.output (../src/common/observability/logger.service.ts:158:17)

  console.warn
    {"timestamp":"2026-01-08T03:33:05.070Z","level":"warn","service":"ironloot-api","env":"test","traceId":"44caeee5-7da4-4bab-aaf5-8597cd340f03","message":"Auction not found","context":"ExceptionFilter","userId":"5cc81b6f-80a2-4b2c-9500-4b966bb4f5a5","http":{"method":"POST","path":"/"},"data":{"httpStatus":404,"isBusinessError":true,"entityType":"Auction","entityId":"00000000-0000-0000-0000-000000000000"},"error":{"code":"AUCTION_NOT_FOUND","message":"Auction not found","stack":"AuctionNotFoundException: Auction not found\n    at WatchlistService.add (C:\\DevOps\\Desarrollos\\IronLoot\\api\\src\\modules\\watchlist\\watchlist.service.ts:32:13)\n    at WatchlistController.addToWatchlist (C:\\DevOps\\Desarrollos\\IronLoot\\api\\src\\modules\\watchlist\\watchlist.controller.ts:57:5)"}}

    [0m [90m 159 |[39m         [36mbreak[39m[33m;[39m
     [90m 160 |[39m       [36mcase[39m [33mLogLevel[39m[33m.[39m[33mWARN[39m[33m:[39m
    [31m[1m>[22m[39m[90m 161 |[39m         console[33m.[39mwarn(json)[33m;[39m
     [90m     |[39m                 [31m[1m^[22m[39m
     [90m 162 |[39m         [36mbreak[39m[33m;[39m
     [90m 163 |[39m       [36mcase[39m [33mLogLevel[39m[33m.[39m[33mERROR[39m[33m:[39m
     [90m 164 |[39m         console[33m.[39merror(json)[33m;[39m[0m

      at StructuredLogger.output (../src/common/observability/logger.service.ts:161:17)
      at StructuredLogger.write (../src/common/observability/logger.service.ts:109:10)
      at StructuredLogger.logWithLevel (../src/common/observability/logger.service.ts:72:10)
      at GlobalExceptionFilter.catch (../src/common/observability/exception.filter.ts:101:17)
      at ExceptionsHandler.invokeCustomFilters (../node_modules/@nestjs/core/exceptions/exceptions-handler.js:30:26)
      at ExceptionsHandler.next (../node_modules/@nestjs/core/exceptions/exceptions-handler.js:14:18)
      at ../node_modules/@nestjs/core/router/router-proxy.js:13:35

  console.log
    prisma:error 
    Invalid `this.prisma.auditEvent.create()` invocation in
    C:\DevOps\Desarrollos\IronLoot\api\src\modules\audit\audit-persistence.service.ts:81:36
    
      78   payload?: Record<string, unknown>;
      79 }): Promise<void> {
      80   try {
    ÔåÆ 81     await this.prisma.auditEvent.create(
    Inconsistent column data: Error creating UUID, invalid character: expected an optional prefix of `urn:uuid:` followed by [0-9a-fA-F-], found `u` at 1

      at Object.mc (../node_modules/@prisma/client/runtime/library.js:21:432)

  console.warn
    {"timestamp":"2026-01-08T03:33:05.073Z","level":"warn","service":"ironloot-api","env":"test","traceId":"44caeee5-7da4-4bab-aaf5-8597cd340f03","message":"Failed to persist audit event","context":"AuditPersistence","userId":"5cc81b6f-80a2-4b2c-9500-4b966bb4f5a5","http":{"method":"POST","path":"/"},"data":{"eventType":"WATCHLIST_ADD","entityType":"Watchlist"},"error":{"message":"\nInvalid `this.prisma.auditEvent.create()` invocation in\nC:\\DevOps\\Desarrollos\\IronLoot\\api\\src\\modules\\audit\\audit-persistence.service.ts:81:36\n\n  78   payload?: Record<string, unknown>;\n  79 }): Promise<void> {\n  80   try {\nÔåÆ 81     await this.prisma.auditEvent.create(\nInconsistent column data: Error creating UUID, invalid character: expected an optional prefix of `urn:uuid:` followed by [0-9a-fA-F-], found `u` at 1","stack":"PrismaClientKnownRequestError: \nInvalid `this.prisma.auditEvent.create()` invocation in\nC:\\DevOps\\Desarrollos\\IronLoot\\api\\src\\modules\\audit\\audit-persistence.service.ts:81:36\n\n  78   payload?: Record<string, unknown>;\n  79 }): Promise<void> {\n  80   try {\nÔåÆ 81     await this.prisma.auditEvent.create(\nInconsistent column data: Error creating UUID, invalid character: expected an optional prefix of `urn:uuid:` followed by [0-9a-fA-F-], found `u` at 1\n    at $n.handleRequestError (C:\\DevOps\\Desarrollos\\IronLoot\\api\\node_modules\\@prisma\\client\\runtime\\library.js:121:7315)\n    at $n.handleAndLogRequestError (C:\\DevOps\\Desarrollos\\IronLoot\\api\\node_modules\\@prisma\\client\\runtime\\library.js:121:6623)\n    at $n.request (C:\\DevOps\\Desarrollos\\IronLoot\\api\\node_modules\\@prisma\\client\\runtime\\library.js:121:6307)\n    at l (C:\\DevOps\\Desarrollos\\IronLoot\\api\\node_modules\\@prisma\\client\\runtime\\library.js:130:9633)\n    at AuditPersistenceService.persistAuditEvent (C:\\DevOps\\Desarrollos\\IronLoot\\api\\src\\modules\\audit\\audit-persistence.service.ts:81:7)"}}

    [0m [90m 159 |[39m         [36mbreak[39m[33m;[39m
     [90m 160 |[39m       [36mcase[39m [33mLogLevel[39m[33m.[39m[33mWARN[39m[33m:[39m
    [31m[1m>[22m[39m[90m 161 |[39m         console[33m.[39mwarn(json)[33m;[39m
     [90m     |[39m                 [31m[1m^[22m[39m
     [90m 162 |[39m         [36mbreak[39m[33m;[39m
     [90m 163 |[39m       [36mcase[39m [33mLogLevel[39m[33m.[39m[33mERROR[39m[33m:[39m
     [90m 164 |[39m         console[33m.[39merror(json)[33m;[39m[0m

      at StructuredLogger.output (../src/common/observability/logger.service.ts:161:17)
      at StructuredLogger.write (../src/common/observability/logger.service.ts:109:10)
      at StructuredLogger.warn (../src/common/observability/logger.service.ts:61:10)
      at AuditPersistenceService.persistAuditEvent (../src/modules/audit/audit-persistence.service.ts:98:19)

  console.debug
    {"timestamp":"2026-01-08T03:33:05.081Z","level":"debug","service":"ironloot-api","env":"test","traceId":"2e4312b8-6273-4450-898a-479bac94f4ba","message":"WatchlistController.getWatchlist() called","context":"WatchlistController","userId":"5cc81b6f-80a2-4b2c-9500-4b966bb4f5a5","http":{"method":"GET","path":"/"}}

      at StructuredLogger.output (../src/common/observability/logger.service.ts:155:17)

  console.debug
    {"timestamp":"2026-01-08T03:33:05.085Z","level":"debug","service":"ironloot-api","env":"test","traceId":"2e4312b8-6273-4450-898a-479bac94f4ba","message":"WatchlistController.getWatchlist() completed","context":"WatchlistController","userId":"5cc81b6f-80a2-4b2c-9500-4b966bb4f5a5","duration":4,"http":{"method":"GET","path":"/"}}

      at StructuredLogger.output (../src/common/observability/logger.service.ts:155:17)

  console.info
    {"timestamp":"2026-01-08T03:33:05.091Z","level":"info","service":"ironloot-api","env":"test","traceId":"aca97f25-c95c-4a5e-a5d8-84e54606587b","message":"WatchlistController.removeFromWatchlist() called","context":"WatchlistController","userId":"5cc81b6f-80a2-4b2c-9500-4b966bb4f5a5","http":{"method":"DELETE","path":"/"}}

      at StructuredLogger.output (../src/common/observability/logger.service.ts:158:17)

  console.info
    {"timestamp":"2026-01-08T03:33:05.095Z","level":"info","service":"ironloot-api","env":"test","traceId":"aca97f25-c95c-4a5e-a5d8-84e54606587b","message":"Removed from watchlist","context":"WatchlistService","userId":"5cc81b6f-80a2-4b2c-9500-4b966bb4f5a5","http":{"method":"DELETE","path":"/"},"data":{"userId":"5cc81b6f-80a2-4b2c-9500-4b966bb4f5a5","auctionId":"694d4f67-250d-41c1-abfc-a4164e1d8776"}}

      at StructuredLogger.output (../src/common/observability/logger.service.ts:158:17)

  console.info
    {"timestamp":"2026-01-08T03:33:05.096Z","level":"info","service":"ironloot-api","env":"test","traceId":"aca97f25-c95c-4a5e-a5d8-84e54606587b","message":"WatchlistController.removeFromWatchlist() completed","context":"WatchlistController","userId":"5cc81b6f-80a2-4b2c-9500-4b966bb4f5a5","duration":5,"http":{"method":"DELETE","path":"/"}}

      at StructuredLogger.output (../src/common/observability/logger.service.ts:158:17)

  console.log
    prisma:error 
    Invalid `this.prisma.auditEvent.create()` invocation in
    C:\DevOps\Desarrollos\IronLoot\api\src\modules\audit\audit-persistence.service.ts:81:36
    
      78   payload?: Record<string, unknown>;
      79 }): Promise<void> {
      80   try {
    ÔåÆ 81     await this.prisma.auditEvent.create(
    Inconsistent column data: Error creating UUID, invalid character: expected an optional prefix of `urn:uuid:` followed by [0-9a-fA-F-], found `u` at 1

      at Object.mc (../node_modules/@prisma/client/runtime/library.js:21:432)

  console.warn
    {"timestamp":"2026-01-08T03:33:05.100Z","level":"warn","service":"ironloot-api","env":"test","traceId":"aca97f25-c95c-4a5e-a5d8-84e54606587b","message":"Failed to persist audit event","context":"AuditPersistence","userId":"5cc81b6f-80a2-4b2c-9500-4b966bb4f5a5","http":{"method":"DELETE","path":"/"},"data":{"eventType":"WATCHLIST_REMOVE","entityType":"Watchlist"},"error":{"message":"\nInvalid `this.prisma.auditEvent.create()` invocation in\nC:\\DevOps\\Desarrollos\\IronLoot\\api\\src\\modules\\audit\\audit-persistence.service.ts:81:36\n\n  78   payload?: Record<string, unknown>;\n  79 }): Promise<void> {\n  80   try {\nÔåÆ 81     await this.prisma.auditEvent.create(\nInconsistent column data: Error creating UUID, invalid character: expected an optional prefix of `urn:uuid:` followed by [0-9a-fA-F-], found `u` at 1","stack":"PrismaClientKnownRequestError: \nInvalid `this.prisma.auditEvent.create()` invocation in\nC:\\DevOps\\Desarrollos\\IronLoot\\api\\src\\modules\\audit\\audit-persistence.service.ts:81:36\n\n  78   payload?: Record<string, unknown>;\n  79 }): Promise<void> {\n  80   try {\nÔåÆ 81     await this.prisma.auditEvent.create(\nInconsistent column data: Error creating UUID, invalid character: expected an optional prefix of `urn:uuid:` followed by [0-9a-fA-F-], found `u` at 1\n    at $n.handleRequestError (C:\\DevOps\\Desarrollos\\IronLoot\\api\\node_modules\\@prisma\\client\\runtime\\library.js:121:7315)\n    at $n.handleAndLogRequestError (C:\\DevOps\\Desarrollos\\IronLoot\\api\\node_modules\\@prisma\\client\\runtime\\library.js:121:6623)\n    at $n.request (C:\\DevOps\\Desarrollos\\IronLoot\\api\\node_modules\\@prisma\\client\\runtime\\library.js:121:6307)\n    at l (C:\\DevOps\\Desarrollos\\IronLoot\\api\\node_modules\\@prisma\\client\\runtime\\library.js:130:9633)\n    at AuditPersistenceService.persistAuditEvent (C:\\DevOps\\Desarrollos\\IronLoot\\api\\src\\modules\\audit\\audit-persistence.service.ts:81:7)"}}

    [0m [90m 159 |[39m         [36mbreak[39m[33m;[39m
     [90m 160 |[39m       [36mcase[39m [33mLogLevel[39m[33m.[39m[33mWARN[39m[33m:[39m
    [31m[1m>[22m[39m[90m 161 |[39m         console[33m.[39mwarn(json)[33m;[39m
     [90m     |[39m                 [31m[1m^[22m[39m
     [90m 162 |[39m         [36mbreak[39m[33m;[39m
     [90m 163 |[39m       [36mcase[39m [33mLogLevel[39m[33m.[39m[33mERROR[39m[33m:[39m
     [90m 164 |[39m         console[33m.[39merror(json)[33m;[39m[0m

      at StructuredLogger.output (../src/common/observability/logger.service.ts:161:17)
      at StructuredLogger.write (../src/common/observability/logger.service.ts:109:10)
      at StructuredLogger.warn (../src/common/observability/logger.service.ts:61:10)
      at AuditPersistenceService.persistAuditEvent (../src/modules/audit/audit-persistence.service.ts:98:19)

  console.info
    {"timestamp":"2026-01-08T03:33:05.104Z","level":"info","service":"ironloot-api","env":"test","traceId":"69f4c09f-e649-4b83-a8b7-d9952859ce1a","message":"WatchlistController.removeFromWatchlist() called","context":"WatchlistController","userId":"5cc81b6f-80a2-4b2c-9500-4b966bb4f5a5","http":{"method":"DELETE","path":"/"}}

      at StructuredLogger.output (../src/common/observability/logger.service.ts:158:17)

  console.log
    prisma:error 
    Invalid `this.prisma.watchlist.delete()` invocation in
    C:\DevOps\Desarrollos\IronLoot\api\src\modules\watchlist\watchlist.service.ts:66:41
    
      63 async remove(userId: string, auctionId: string): Promise<void> {
      64   // Idempotent delete
      65   try {
    ÔåÆ 66     await this.prisma.watchlist.delete(
    An operation failed because it depends on one or more records that were required but not found. Record to delete does not exist.

      at Object.mc (../node_modules/@prisma/client/runtime/library.js:21:432)

  console.debug
    {"timestamp":"2026-01-08T03:33:05.107Z","level":"debug","service":"ironloot-api","env":"test","traceId":"69f4c09f-e649-4b83-a8b7-d9952859ce1a","message":"Watchlist item did not exist, ignoring","context":"WatchlistService","userId":"5cc81b6f-80a2-4b2c-9500-4b966bb4f5a5","http":{"method":"DELETE","path":"/"},"data":{"userId":"5cc81b6f-80a2-4b2c-9500-4b966bb4f5a5","auctionId":"694d4f67-250d-41c1-abfc-a4164e1d8776"}}

      at StructuredLogger.output (../src/common/observability/logger.service.ts:155:17)

  console.info
    {"timestamp":"2026-01-08T03:33:05.107Z","level":"info","service":"ironloot-api","env":"test","traceId":"69f4c09f-e649-4b83-a8b7-d9952859ce1a","message":"WatchlistController.removeFromWatchlist() completed","context":"WatchlistController","userId":"5cc81b6f-80a2-4b2c-9500-4b966bb4f5a5","duration":3,"http":{"method":"DELETE","path":"/"}}

      at StructuredLogger.output (../src/common/observability/logger.service.ts:158:17)

  console.log
    prisma:error 
    Invalid `this.prisma.auditEvent.create()` invocation in
    C:\DevOps\Desarrollos\IronLoot\api\src\modules\audit\audit-persistence.service.ts:81:36
    
      78   payload?: Record<string, unknown>;
      79 }): Promise<void> {
      80   try {
    ÔåÆ 81     await this.prisma.auditEvent.create(
    Inconsistent column data: Error creating UUID, invalid character: expected an optional prefix of `urn:uuid:` followed by [0-9a-fA-F-], found `u` at 1

      at Object.mc (../node_modules/@prisma/client/runtime/library.js:21:432)

  console.warn
    {"timestamp":"2026-01-08T03:33:05.111Z","level":"warn","service":"ironloot-api","env":"test","traceId":"69f4c09f-e649-4b83-a8b7-d9952859ce1a","message":"Failed to persist audit event","context":"AuditPersistence","userId":"5cc81b6f-80a2-4b2c-9500-4b966bb4f5a5","http":{"method":"DELETE","path":"/"},"data":{"eventType":"WATCHLIST_REMOVE","entityType":"Watchlist"},"error":{"message":"\nInvalid `this.prisma.auditEvent.create()` invocation in\nC:\\DevOps\\Desarrollos\\IronLoot\\api\\src\\modules\\audit\\audit-persistence.service.ts:81:36\n\n  78   payload?: Record<string, unknown>;\n  79 }): Promise<void> {\n  80   try {\nÔåÆ 81     await this.prisma.auditEvent.create(\nInconsistent column data: Error creating UUID, invalid character: expected an optional prefix of `urn:uuid:` followed by [0-9a-fA-F-], found `u` at 1","stack":"PrismaClientKnownRequestError: \nInvalid `this.prisma.auditEvent.create()` invocation in\nC:\\DevOps\\Desarrollos\\IronLoot\\api\\src\\modules\\audit\\audit-persistence.service.ts:81:36\n\n  78   payload?: Record<string, unknown>;\n  79 }): Promise<void> {\n  80   try {\nÔåÆ 81     await this.prisma.auditEvent.create(\nInconsistent column data: Error creating UUID, invalid character: expected an optional prefix of `urn:uuid:` followed by [0-9a-fA-F-], found `u` at 1\n    at $n.handleRequestError (C:\\DevOps\\Desarrollos\\IronLoot\\api\\node_modules\\@prisma\\client\\runtime\\library.js:121:7315)\n    at $n.handleAndLogRequestError (C:\\DevOps\\Desarrollos\\IronLoot\\api\\node_modules\\@prisma\\client\\runtime\\library.js:121:6623)\n    at $n.request (C:\\DevOps\\Desarrollos\\IronLoot\\api\\node_modules\\@prisma\\client\\runtime\\library.js:121:6307)\n    at l (C:\\DevOps\\Desarrollos\\IronLoot\\api\\node_modules\\@prisma\\client\\runtime\\library.js:130:9633)\n    at AuditPersistenceService.persistAuditEvent (C:\\DevOps\\Desarrollos\\IronLoot\\api\\src\\modules\\audit\\audit-persistence.service.ts:81:7)"}}

    [0m [90m 159 |[39m         [36mbreak[39m[33m;[39m
     [90m 160 |[39m       [36mcase[39m [33mLogLevel[39m[33m.[39m[33mWARN[39m[33m:[39m
    [31m[1m>[22m[39m[90m 161 |[39m         console[33m.[39mwarn(json)[33m;[39m
     [90m     |[39m                 [31m[1m^[22m[39m
     [90m 162 |[39m         [36mbreak[39m[33m;[39m
     [90m 163 |[39m       [36mcase[39m [33mLogLevel[39m[33m.[39m[33mERROR[39m[33m:[39m
     [90m 164 |[39m         console[33m.[39merror(json)[33m;[39m[0m

      at StructuredLogger.output (../src/common/observability/logger.service.ts:161:17)
      at StructuredLogger.write (../src/common/observability/logger.service.ts:109:10)
      at StructuredLogger.warn (../src/common/observability/logger.service.ts:61:10)
      at AuditPersistenceService.persistAuditEvent (../src/modules/audit/audit-persistence.service.ts:98:19)

  console.debug
    {"timestamp":"2026-01-08T03:33:05.115Z","level":"debug","service":"ironloot-api","env":"test","traceId":"443501c1-3764-4ab8-a14e-5adc76eb1304","message":"WatchlistController.getWatchlist() called","context":"WatchlistController","userId":"5cc81b6f-80a2-4b2c-9500-4b966bb4f5a5","http":{"method":"GET","path":"/"}}

      at StructuredLogger.output (../src/common/observability/logger.service.ts:155:17)

  console.debug
    {"timestamp":"2026-01-08T03:33:05.117Z","level":"debug","service":"ironloot-api","env":"test","traceId":"443501c1-3764-4ab8-a14e-5adc76eb1304","message":"WatchlistController.getWatchlist() completed","context":"WatchlistController","userId":"5cc81b6f-80a2-4b2c-9500-4b966bb4f5a5","duration":2,"http":{"method":"GET","path":"/"}}

      at StructuredLogger.output (../src/common/observability/logger.service.ts:155:17)

  console.log
    prisma:error 
    Invalid `this.prisma.user.deleteMany()` invocation in
    C:\DevOps\Desarrollos\IronLoot\api\test\core\auth-helper.ts:77:30
    
      74 // Be careful not to delete real users if running on dev db
      75 // Ideally we run on test db
      76 try {
    ÔåÆ 77   await this.prisma.user.deleteMany(
    Foreign key constraint violated: `auctions_seller_id_fkey (index)`

      at Object.mc (../node_modules/@prisma/client/runtime/library.js:21:432)

  console.error
    Cleanup failed PrismaClientKnownRequestError: 
    Invalid `this.prisma.user.deleteMany()` invocation in
    C:\DevOps\Desarrollos\IronLoot\api\test\core\auth-helper.ts:77:30
    
      74 // Be careful not to delete real users if running on dev db
      75 // Ideally we run on test db
      76 try {
    ÔåÆ 77   await this.prisma.user.deleteMany(
    Foreign key constraint violated: `auctions_seller_id_fkey (index)`
        at $n.handleRequestError (C:\DevOps\Desarrollos\IronLoot\api\node_modules\@prisma\client\runtime\library.js:121:7315)
        at $n.handleAndLogRequestError (C:\DevOps\Desarrollos\IronLoot\api\node_modules\@prisma\client\runtime\library.js:121:6623)
        at $n.request (C:\DevOps\Desarrollos\IronLoot\api\node_modules\@prisma\client\runtime\library.js:121:6307)
        at l (C:\DevOps\Desarrollos\IronLoot\api\node_modules\@prisma\client\runtime\library.js:130:9633)
        at AuthHelper.cleanup (C:\DevOps\Desarrollos\IronLoot\api\test\core\auth-helper.ts:77:7)
        at Object.<anonymous> (C:\DevOps\Desarrollos\IronLoot\api\test\e2e\watchlist.e2e-spec.ts:49:19) {
      code: 'P2003',
      clientVersion: '5.22.0',
      meta: { modelName: 'User', field_name: 'auctions_seller_id_fkey (index)' }
    }

    [0m [90m 79 |[39m       })[33m;[39m
     [90m 80 |[39m     } [36mcatch[39m (e) {
    [31m[1m>[22m[39m[90m 81 |[39m       console[33m.[39merror([32m'Cleanup failed'[39m[33m,[39m e)[33m;[39m
     [90m    |[39m               [31m[1m^[22m[39m
     [90m 82 |[39m     }
     [90m 83 |[39m   }
     [90m 84 |[39m }[0m

      at AuthHelper.cleanup (core/auth-helper.ts:81:15)
      at Object.<anonymous> (e2e/watchlist.e2e-spec.ts:49:19)

node.exe : FAIL test/e2e/watchlist.e2e-spec.ts (7.883 s)
En línea: 1 Carácter: 1
+ & "C:\Program Files\nodejs/node.exe" "C:\Program Files\nodejs/node_mo ...
+ ~~~~~~~~~~~~~~~~~~~~~~~~~~~~~~~~~~~~~~~~~~~~~~~~~~~~~~~~~~~~~~~~~~~~~
    + CategoryInfo          : NotSpecified: (FAIL test/e2e/w...ec.ts (7.883 s):String) [], RemoteException
    + FullyQualifiedErrorId : NativeCommandError
 
  Watchlist Module (e2e)
    /api/v1/watchlist (GET)
      ÔêÜ should return empty list initially (31 ms)
      ÔêÜ should require authentication (11 ms)
    /api/v1/watchlist (POST)
      ÔêÜ should add auction to watchlist (16 ms)
      ├ù should return 200 OK if already in watchlist (Idempotency) (14 ms)
      ÔêÜ should return 404 if auction does not exist (14 ms)
      ÔêÜ should verify item is in watchlist with embedded auction (12 ms)
    /api/v1/watchlist/:auctionId (DELETE)
      ÔêÜ should remove auction from watchlist (10 ms)
      ÔêÜ should return 204 No Content if not found (Idempotency) (12 ms)
      ÔêÜ should verify list is empty (9 ms)

  ÔùÅ Watchlist Module (e2e) ÔÇ║ /api/v1/watchlist (POST) ÔÇ║ should return 200 OK if already in watchlist (Idempotency)

    expected 200 "OK", got 201 "Created"

    [0m [90m 85 |[39m         [33m.[39m[36mset[39m([32m'Authorization'[39m[33m,[39m [32m`Bearer 
${user.token}`[39m)
     [90m 86 |[39m         [33m.[39msend({ auctionId })
    [31m[1m>[22m[39m[90m 87 |[39m         [33m.[39mexpect([35m200[39m)[33m;[39m
     [90m    |[39m          [31m[1m^[22m[39m
     [90m 88 |[39m     })[33m;[39m
     [90m 89 |[39m
     [90m 90 |[39m     it([32m'should return 404 if auction does not exist'[39m[33m,[39m [36masync[39m () 
[33m=>[39m {[0m

      at Object.<anonymous> (e2e/watchlist.e2e-spec.ts:87:10)
      ----
      at Test._assertStatus (../node_modules/supertest/lib/test.js:252:14)
      at ../node_modules/supertest/lib/test.js:308:13
      at Test._assertFunction (../node_modules/supertest/lib/test.js:285:13)
      at Test.assert (../node_modules/supertest/lib/test.js:164:23)
      at Server.localAssert (../node_modules/supertest/lib/test.js:120:14)

Test Suites: 1 failed, 1 total
Tests:       1 failed, 8 passed, 9 total
Snapshots:   0 total
Time:        8.088 s
Ran all test suites matching /watchlist/i.
